<?xml version="1.0" encoding="UTF-8"?>
<TestRun id="f7821dd7-cdcf-43ff-b61b-64372b03526f" name="Joao-MAC@JOAO-MAC-PC 2012-05-11 23:59:48" runUser="Joao-MAC-PC\Joao-MAC" xmlns="http://microsoft.com/schemas/VisualStudio/TeamTest/2010">
  <TestSettings name="Local" id="3cc470c2-dfc7-4004-a505-957f73c63915">
    <Description>These are default test settings for a local test run.</Description>
    <Deployment enabled="false" runDeploymentRoot="Joao-MAC_JOAO-MAC-PC 2012-05-11 23_59_48">
      <DeploymentItem filename="C:\Users\Joao-MAC\SkyDrive\Documentos\WORK\Projetos\LasVega\LasVega.Entity\bin\x86\Debug\LasVega.Entity.dll" />
    </Deployment>
    <Execution>
      <TestTypeSpecific />
      <AgentRule name="Execution Agents">
      </AgentRule>
    </Execution>
  </TestSettings>
  <Times creation="2012-05-11T23:59:48.9936000-03:00" queuing="2012-05-11T23:59:51.3096000-03:00" start="2012-05-11T23:59:51.5346000-03:00" finish="2012-05-12T00:00:14.2536000-03:00" />
  <ResultSummary outcome="Completed">
    <Counters total="1" executed="1" passed="1" error="0" failed="0" timeout="0" aborted="0" inconclusive="0" passedButRunAborted="0" notRunnable="0" notExecuted="0" disconnected="0" warning="0" completed="0" inProgress="0" pending="0" />
  </ResultSummary>
  <TestDefinitions>
    <UnitTest name="GetCardsForBattle" storage="c:\users\joao-mac\skydrive\documentos\work\projetos\lasvega\lasvega.entity.test\bin\debug\lasvega.entity.test.dll" id="04f9974f-e544-a99e-8506-a83cb7c20b25">
      <Execution id="ccfeeecc-71ed-41fd-a797-e431835a0f29" />
      <TestMethod codeBase="C:/Users/Joao-MAC/SkyDrive/Documentos/WORK/Projetos/LasVega/LasVega.Entity.Test/bin/Debug/LasVega.Entity.Test.DLL" adapterTypeName="Microsoft.VisualStudio.TestTools.TestTypes.Unit.UnitTestAdapter, Microsoft.VisualStudio.QualityTools.Tips.UnitTest.Adapter, Version=10.0.0.0, Culture=neutral, PublicKeyToken=b03f5f7f11d50a3a" className="LasVega.Entity.Test.Collections.DeckTest, LasVega.Entity.Test, Version=1.0.0.0, Culture=neutral, PublicKeyToken=null" name="GetCardsForBattle" />
    </UnitTest>
  </TestDefinitions>
  <TestLists>
    <TestList name="Results Not in a List" id="8c84fa94-04c1-424b-9868-57a2d4851a1d" />
    <TestList name="All Loaded Results" id="19431567-8539-422a-85d7-44ee4e166bda" />
  </TestLists>
  <TestEntries>
    <TestEntry testId="04f9974f-e544-a99e-8506-a83cb7c20b25" executionId="ccfeeecc-71ed-41fd-a797-e431835a0f29" testListId="8c84fa94-04c1-424b-9868-57a2d4851a1d" />
  </TestEntries>
  <Results>
    <UnitTestResult executionId="ccfeeecc-71ed-41fd-a797-e431835a0f29" testId="04f9974f-e544-a99e-8506-a83cb7c20b25" testName="GetCardsForBattle" computerName="JOAO-MAC-PC" duration="00:00:20.2369978" startTime="2012-05-11T23:59:51.7156000-03:00" endTime="2012-05-12T00:00:14.0046000-03:00" testType="13cdc9d9-ddb5-4fa4-a97d-d965ccfc6d4b" outcome="Passed" testListId="8c84fa94-04c1-424b-9868-57a2d4851a1d" relativeResultsDirectory="ccfeeecc-71ed-41fd-a797-e431835a0f29">
    </UnitTestResult>
  </Results>
</TestRun>